**********************
Windows PowerShell 脚本开始
开始时间: 20260531135512
用户名: LAPTOP-558CMQSE\25921
RunAs 用户: LAPTOP-558CMQSE\25921
配置名称: 
计算机: LAPTOP-558CMQSE (Microsoft Windows NT 10.0.26200.0)
主机应用程序: powershell.exe -ExecutionPolicy Bypass -File D:\Desktop\NLP-RAG-04\rebuild_full_trace.ps1
进程 ID: 29132
PSVersion: 5.1.26100.7920
PSEdition: Desktop
PSCompatibleVersions: 1.0, 2.0, 3.0, 4.0, 5.0, 5.1.26100.7920
BuildVersion: 10.0.26100.7920
CLRVersion: 4.0.30319.42000
WSManStackVersion: 3.0
PSRemotingProtocolVersion: 2.3
SerializationVersion: 1.1.0.1
**********************

[01_health_check] started at 13:55:12
PS>TerminatingError():“无法覆盖变量 Host，因为该变量为只读变量或常量。”
>> TerminatingError():“无法覆盖变量 Host，因为该变量为只读变量或常量。”
>> TerminatingError(Invoke-Step):“无法覆盖变量 Host，因为该变量为只读变量或常量。”
**********************
Windows PowerShell 脚本结束
结束时间: 20260531135512
**********************
